// Jest Snapshot v1, https://jestjs.io/docs/snapshot-testing

exports[`LineGraph Class lineGraph 메서드를 활용해 그래프를 그린다. 1`] = `
<svg
  data-testid="svg container"
  height="400"
  width="700"
>
  <g
    data-testid="graph area"
    height="400"
    transform="translate(30, 80)"
    width="700"
  >
    <g
      class="xAxis"
      data-testid="x axis"
      fill="none"
      font-family="sans-serif"
      font-size="10"
      text-anchor="middle"
      transform="translate(0, 300)"
    >
      <path
        class="domain"
        d="M0.5,6V0.5H570.5V6"
        stroke="currentColor"
      />
    </g>
    <g
      data-testid="y axis"
      fill="none"
      font-family="sans-serif"
      font-size="10"
      text-anchor="end"
    >
      <path
        class="domain"
        d="M-6,300.5H0.5V0.5H-6"
        stroke="currentColor"
      />
      <g
        class="tick"
        opacity="1"
        transform="translate(0,300.5)"
      >
        <line
          stroke="currentColor"
          x2="-6"
        />
        <text
          dy="0.32em"
          fill="currentColor"
          x="-9"
        >
          0
        </text>
      </g>
      <g
        class="tick"
        opacity="1"
        transform="translate(0,270.5)"
      >
        <line
          stroke="currentColor"
          x2="-6"
        />
        <text
          dy="0.32em"
          fill="currentColor"
          x="-9"
        >
          2
        </text>
      </g>
      <g
        class="tick"
        opacity="1"
        transform="translate(0,240.5)"
      >
        <line
          stroke="currentColor"
          x2="-6"
        />
        <text
          dy="0.32em"
          fill="currentColor"
          x="-9"
        >
          4
        </text>
      </g>
      <g
        class="tick"
        opacity="1"
        transform="translate(0,210.5)"
      >
        <line
          stroke="currentColor"
          x2="-6"
        />
        <text
          dy="0.32em"
          fill="currentColor"
          x="-9"
        >
          6
        </text>
      </g>
      <g
        class="tick"
        opacity="1"
        transform="translate(0,180.5)"
      >
        <line
          stroke="currentColor"
          x2="-6"
        />
        <text
          dy="0.32em"
          fill="currentColor"
          x="-9"
        >
          8
        </text>
      </g>
      <g
        class="tick"
        opacity="1"
        transform="translate(0,150.5)"
      >
        <line
          stroke="currentColor"
          x2="-6"
        />
        <text
          dy="0.32em"
          fill="currentColor"
          x="-9"
        >
          10
        </text>
      </g>
      <g
        class="tick"
        opacity="1"
        transform="translate(0,120.5)"
      >
        <line
          stroke="currentColor"
          x2="-6"
        />
        <text
          dy="0.32em"
          fill="currentColor"
          x="-9"
        >
          12
        </text>
      </g>
      <g
        class="tick"
        opacity="1"
        transform="translate(0,90.50000000000001)"
      >
        <line
          stroke="currentColor"
          x2="-6"
        />
        <text
          dy="0.32em"
          fill="currentColor"
          x="-9"
        >
          14
        </text>
      </g>
      <g
        class="tick"
        opacity="1"
        transform="translate(0,60.499999999999986)"
      >
        <line
          stroke="currentColor"
          x2="-6"
        />
        <text
          dy="0.32em"
          fill="currentColor"
          x="-9"
        >
          16
        </text>
      </g>
      <g
        class="tick"
        opacity="1"
        transform="translate(0,30.499999999999993)"
      >
        <line
          stroke="currentColor"
          x2="-6"
        />
        <text
          dy="0.32em"
          fill="currentColor"
          x="-9"
        >
          18
        </text>
      </g>
      <g
        class="tick"
        opacity="1"
        transform="translate(0,0.5)"
      >
        <line
          stroke="currentColor"
          x2="-6"
        />
        <text
          dy="0.32em"
          fill="currentColor"
          x="-9"
        >
          20
        </text>
      </g>
    </g>
    <path
      d="M285,195Z"
      data-testid="line"
      fill="none"
      stroke="#3498DB"
      stroke-width="2.5"
    />
    <path
      d="M285,255Z"
      data-testid="line"
      fill="none"
      stroke="#FFA500"
      stroke-width="2.5"
    />
    <path
      d="M285,225Z"
      data-testid="line"
      fill="none"
      stroke="#2ECC71"
      stroke-width="2.5"
    />
    <path
      d="M285,90Z"
      data-testid="line"
      fill="none"
      stroke="#000000"
      stroke-width="2.5"
    />
  </g>
  <text
    aria-label="graph title"
    font-size="20px"
    font-weight="bold"
    text-anchor="middle"
    x="385"
    y="30"
  >
    최근 1주간 등록된 투두 합계
  </text>
  <g
    class="legend"
    data-testid="legend list"
    transform="translate(640, 0)"
  >
    <rect
      class="legendCategory"
      data-testid="legend category"
      fill="#000000"
      height="2"
      width="15"
      x="0"
      y="25"
    />
    <text
      class="legendText"
      data-testid="legend text"
      font-size="12px"
      x="22"
      y="31"
    >
      총합
    </text>
    <rect
      class="legendCategory"
      data-testid="legend category"
      fill="#3498DB"
      height="2"
      width="15"
      x="0"
      y="50"
    />
    <text
      class="legendText"
      data-testid="legend text"
      font-size="12px"
      x="22"
      y="56"
    >
      할 일
    </text>
    <rect
      class="legendCategory"
      data-testid="legend category"
      fill="#FFA500"
      height="2"
      width="15"
      x="0"
      y="75"
    />
    <text
      class="legendText"
      data-testid="legend text"
      font-size="12px"
      x="22"
      y="81"
    >
      진행 중
    </text>
    <rect
      class="legendCategory"
      data-testid="legend category"
      fill="#2ECC71"
      height="2"
      width="15"
      x="0"
      y="100"
    />
    <text
      class="legendText"
      data-testid="legend text"
      font-size="12px"
      x="22"
      y="106"
    >
      완료
    </text>
  </g>
</svg>
`;
